2025-12-21 16:04:27 Loading main app package /usr/lib/obsidian/obsidian.asar
2025-12-21 16:04:28 Checking for update using Github
2025-12-21 16:04:28 Success.
2025-12-21 16:04:28 Latest version is 1.10.6
2025-12-21 16:04:28 App is up to date.
2025-12-21 16:06:23 Loading main app package /usr/lib/obsidian/obsidian.asar
2025-12-21 16:06:23 Checking for update using Github
2025-12-21 16:06:23 Success.
2025-12-21 16:06:23 Latest version is 1.10.6
2025-12-21 16:06:23 App is up to date.
2025-12-21 16:13:48 Loading main app package /usr/lib/obsidian/obsidian.asar
2025-12-21 16:13:48 Checking for update using Github
2025-12-21 16:13:49 Success.
2025-12-21 16:13:49 Latest version is 1.10.6
2025-12-21 16:13:49 App is up to date.
2025-12-22 12:53:48 Checking for update using Github
2025-12-22 12:53:48 Success.
2025-12-22 12:53:48 Latest version is 1.10.6
2025-12-22 12:53:48 App is up to date.
2025-12-22 13:53:48 Checking for update using Github
2025-12-22 13:53:48 Success.
2025-12-22 13:53:48 Latest version is 1.10.6
2025-12-22 13:53:48 App is up to date.
2025-12-22 14:53:48 Checking for update using Github
2025-12-22 14:53:48 Success.
2025-12-22 14:53:48 Latest version is 1.10.6
2025-12-22 14:53:48 App is up to date.
2025-12-22 18:16:17 Checking for update using Github
2025-12-22 18:16:17 Success.
2025-12-22 18:16:17 Latest version is 1.10.6
2025-12-22 18:16:17 App is up to date.
2025-12-22 19:16:17 Checking for update using Github
2025-12-22 19:16:17 Success.
2025-12-22 19:16:17 Latest version is 1.10.6
2025-12-22 19:16:17 App is up to date.
2025-12-23 01:32:58 Checking for update using Github
2025-12-23 01:32:58 Success.
2025-12-23 01:32:58 Latest version is 1.10.6
2025-12-23 01:32:58 App is up to date.
2025-12-23 02:33:03 Checking for update using Github
2025-12-23 02:33:03 Success.
2025-12-23 02:33:03 Latest version is 1.10.6
2025-12-23 02:33:03 App is up to date.
2026-01-28 20:04:05 Loading main app package /usr/lib/obsidian/obsidian.asar
2026-01-28 20:04:05 Checking for update using Github
2026-01-28 20:04:05 Success.
2026-01-28 20:04:05 Latest version is 1.11.5
2026-01-28 20:04:05 Downloading update from https://github.com/obsidianmd/obsidian-releases/releases/download/v1.11.5/obsidian-1.11.5.asar.gz
2026-01-28 20:04:05 Failed to perform update
