12/16/2025, 3:12:38 PM GMT-3 0: 

----------------------------------------------
12/16/2025, 3:12:38 PM GMT-3 1: Discord starting: {"releaseChannel":"stable","version":"0.0.119"}, modulepath: /home/odin/.config/discord/0.0.119/modules
12/16/2025, 3:12:38 PM GMT-3 2: ✅ webContents.created web1 ""
12/16/2025, 3:12:38 PM GMT-3 3: ✅ window.created win1 "discord"
12/16/2025, 3:12:38 PM GMT-3 4: ✅ webContents.did-finish-load web1
12/16/2025, 3:12:46 PM GMT-3 5: ✅ webContents.created web2 ""
12/16/2025, 3:12:46 PM GMT-3 6: ✅ window.created win2 "Discord"
12/16/2025, 3:12:49 PM GMT-3 7: ✅ webContents.did-finish-load web2
12/16/2025, 3:12:51 PM GMT-3 8: window.close win1
12/16/2025, 3:12:51 PM GMT-3 9: webContents.destroyed web1
12/16/2025, 3:12:51 PM GMT-3 10: window.closed win1
12/16/2025, 3:42:25 PM GMT-3 11: window.close win2
12/16/2025, 3:42:29 PM GMT-3 0: 

----------------------------------------------
12/16/2025, 4:04:03 PM GMT-3 12: before-quit
12/16/2025, 4:04:03 PM GMT-3 13: window.close win2
12/16/2025, 4:04:03 PM GMT-3 14: ❌ child-process-gone {
  type: 'Utility',
  reason: 'killed',
  exitCode: 15,
  serviceName: 'network.mojom.NetworkService',
  name: 'Network Service'
}
12/16/2025, 4:04:03 PM GMT-3 15: ❌ child-process-gone {
  type: 'Utility',
  reason: 'killed',
  exitCode: 15,
  serviceName: 'audio.mojom.AudioService',
  name: 'Audio Service'
}
12/16/2025, 4:04:03 PM GMT-3 16: ❌ render-process-gone { reason: 'killed', exitCode: 15 }
12/16/2025, 5:04:40 PM GMT-3 0: 

----------------------------------------------
12/16/2025, 5:04:40 PM GMT-3 1: Discord starting: {"releaseChannel":"stable","version":"0.0.119"}, modulepath: /home/odin/.config/discord/0.0.119/modules
12/16/2025, 5:04:40 PM GMT-3 2: ✅ webContents.created web1 ""
12/16/2025, 5:04:40 PM GMT-3 3: ✅ window.created win1 "discord"
12/16/2025, 5:04:40 PM GMT-3 4: ✅ webContents.did-finish-load web1
12/16/2025, 5:04:41 PM GMT-3 5: ✅ webContents.created web2 ""
12/16/2025, 5:04:41 PM GMT-3 6: ✅ window.created win2 "Discord"
12/16/2025, 5:04:42 PM GMT-3 7: ✅ webContents.did-finish-load web2
12/16/2025, 5:04:45 PM GMT-3 8: window.close win1
12/16/2025, 5:04:45 PM GMT-3 9: webContents.destroyed web1
12/16/2025, 5:04:45 PM GMT-3 10: window.closed win1
12/16/2025, 7:44:47 PM GMT-3 11: window.close win2
12/17/2025, 5:43:04 PM GMT-3 12: before-quit
12/17/2025, 5:43:04 PM GMT-3 13: window.close win2
12/17/2025, 5:43:04 PM GMT-3 14: ❌ child-process-gone {
  type: 'Utility',
  reason: 'killed',
  exitCode: 15,
  serviceName: 'audio.mojom.AudioService',
  name: 'Audio Service'
}
12/17/2025, 5:43:04 PM GMT-3 15: ❌ child-process-gone {
  type: 'Utility',
  reason: 'killed',
  exitCode: 15,
  serviceName: 'network.mojom.NetworkService',
  name: 'Network Service'
}
12/20/2025, 6:56:48 PM GMT-3 0: 

----------------------------------------------
12/20/2025, 6:56:48 PM GMT-3 1: Discord starting: {"releaseChannel":"stable","version":"0.0.119"}, modulepath: /home/odin/.config/discord/0.0.119/modules
12/20/2025, 6:56:48 PM GMT-3 2: ✅ webContents.created web1 ""
12/20/2025, 6:56:48 PM GMT-3 3: ✅ window.created win1 "discord"
12/20/2025, 6:56:49 PM GMT-3 4: ✅ webContents.did-finish-load web1
12/20/2025, 6:56:49 PM GMT-3 5: ✅ webContents.created web2 ""
12/20/2025, 6:56:49 PM GMT-3 6: ✅ window.created win2 "Discord"
12/20/2025, 6:56:53 PM GMT-3 7: ✅ webContents.did-finish-load web2
12/20/2025, 6:56:57 PM GMT-3 8: window.close win1
12/20/2025, 6:56:58 PM GMT-3 9: webContents.destroyed web1
12/20/2025, 6:56:58 PM GMT-3 10: window.closed win1
12/20/2025, 8:06:25 PM GMT-3 11: window.close win2
12/22/2025, 11:48:23 PM GMT-3 12: before-quit
12/22/2025, 11:48:23 PM GMT-3 13: window.close win2
12/22/2025, 11:48:23 PM GMT-3 14: ❌ child-process-gone {
  type: 'Utility',
  reason: 'killed',
  exitCode: 15,
  serviceName: 'network.mojom.NetworkService',
  name: 'Network Service'
}
12/23/2025, 5:11:30 PM GMT-3 0: 

----------------------------------------------
12/23/2025, 5:11:30 PM GMT-3 1: Discord starting: {"releaseChannel":"stable","version":"0.0.119"}, modulepath: /home/odin/.config/discord/0.0.119/modules
12/23/2025, 5:11:30 PM GMT-3 2: ✅ webContents.created web1 ""
12/23/2025, 5:11:30 PM GMT-3 3: ✅ window.created win1 "discord"
12/23/2025, 5:11:30 PM GMT-3 4: ✅ webContents.did-finish-load web1
12/23/2025, 5:11:31 PM GMT-3 5: ✅ webContents.created web2 ""
12/23/2025, 5:11:31 PM GMT-3 6: ✅ window.created win2 "Discord"
12/23/2025, 5:11:34 PM GMT-3 7: ✅ webContents.did-finish-load web2
12/23/2025, 5:11:36 PM GMT-3 8: window.close win1
12/23/2025, 5:11:36 PM GMT-3 9: webContents.destroyed web1
12/23/2025, 5:11:36 PM GMT-3 10: window.closed win1
12/23/2025, 7:52:08 PM GMT-3 11: window.close win2
12/25/2025, 4:51:05 PM GMT-3 12: before-quit
12/25/2025, 4:51:05 PM GMT-3 13: window.close win2
12/25/2025, 4:51:05 PM GMT-3 14: ❌ child-process-gone {
  type: 'Utility',
  reason: 'killed',
  exitCode: 15,
  serviceName: 'audio.mojom.AudioService',
  name: 'Audio Service'
}
12/25/2025, 4:51:05 PM GMT-3 15: ❌ child-process-gone {
  type: 'Utility',
  reason: 'killed',
  exitCode: 15,
  serviceName: 'network.mojom.NetworkService',
  name: 'Network Service'
}
12/25/2025, 4:51:05 PM GMT-3 16: ❌ render-process-gone { reason: 'killed', exitCode: 15 }
12/26/2025, 4:54:09 PM GMT-3 0: 

----------------------------------------------
12/26/2025, 4:54:09 PM GMT-3 1: Discord starting: {"releaseChannel":"stable","version":"0.0.119"}, modulepath: /home/odin/.config/discord/0.0.119/modules
12/26/2025, 4:54:09 PM GMT-3 2: ✅ webContents.created web1 ""
12/26/2025, 4:54:09 PM GMT-3 3: ✅ window.created win1 "discord"
12/26/2025, 4:54:10 PM GMT-3 4: ✅ webContents.did-finish-load web1
12/26/2025, 4:54:10 PM GMT-3 5: ✅ webContents.created web2 ""
12/26/2025, 4:54:10 PM GMT-3 6: ✅ window.created win2 "Discord"
12/26/2025, 4:54:13 PM GMT-3 7: ✅ webContents.did-finish-load web2
12/26/2025, 4:54:15 PM GMT-3 8: window.close win1
12/26/2025, 4:54:15 PM GMT-3 9: webContents.destroyed web1
12/26/2025, 4:54:15 PM GMT-3 10: window.closed win1
12/26/2025, 7:40:26 PM GMT-3 11: window.close win2
12/28/2025, 1:34:49 PM GMT-3 0: 

----------------------------------------------
12/28/2025, 1:34:49 PM GMT-3 1: Discord starting: {"releaseChannel":"stable","version":"0.0.119"}, modulepath: /home/odin/.config/discord/0.0.119/modules
12/29/2025, 1:26:52 PM GMT-3 12: before-quit
12/29/2025, 1:26:52 PM GMT-3 13: window.close win2
12/29/2025, 1:26:52 PM GMT-3 14: ❌ child-process-gone {
  type: 'Utility',
  reason: 'killed',
  exitCode: 15,
  serviceName: 'audio.mojom.AudioService',
  name: 'Audio Service'
}
12/29/2025, 1:26:52 PM GMT-3 15: ❌ child-process-gone {
  type: 'Utility',
  reason: 'killed',
  exitCode: 15,
  serviceName: 'network.mojom.NetworkService',
  name: 'Network Service'
}
12/29/2025, 1:26:52 PM GMT-3 16: ❌ render-process-gone { reason: 'killed', exitCode: 15 }
12/29/2025, 5:01:55 PM GMT-3 0: 

----------------------------------------------
12/29/2025, 5:01:55 PM GMT-3 1: Discord starting: {"releaseChannel":"stable","version":"0.0.119"}, modulepath: /home/odin/.config/discord/0.0.119/modules
12/29/2025, 5:01:55 PM GMT-3 2: ✅ webContents.created web1 ""
12/29/2025, 5:01:55 PM GMT-3 3: ✅ window.created win1 "discord"
12/29/2025, 5:01:55 PM GMT-3 4: ✅ webContents.did-finish-load web1
12/29/2025, 5:01:55 PM GMT-3 5: ✅ webContents.created web2 ""
12/29/2025, 5:01:55 PM GMT-3 6: ✅ window.created win2 "Discord"
12/29/2025, 5:01:57 PM GMT-3 7: ✅ webContents.did-finish-load web2
12/29/2025, 5:01:59 PM GMT-3 8: window.close win1
12/29/2025, 5:01:59 PM GMT-3 9: webContents.destroyed web1
12/29/2025, 5:01:59 PM GMT-3 10: window.closed win1
12/29/2025, 6:43:39 PM GMT-3 11: window.close win2
1/6/2026, 10:52:20 PM GMT-3 12: before-quit
1/6/2026, 10:52:20 PM GMT-3 13: window.close win2
1/6/2026, 10:52:20 PM GMT-3 14: ❌ child-process-gone {
  type: 'Utility',
  reason: 'killed',
  exitCode: 15,
  serviceName: 'audio.mojom.AudioService',
  name: 'Audio Service'
}
1/6/2026, 10:52:20 PM GMT-3 15: ❌ child-process-gone {
  type: 'Utility',
  reason: 'killed',
  exitCode: 15,
  serviceName: 'network.mojom.NetworkService',
  name: 'Network Service'
}
1/14/2026, 8:32:08 PM GMT-3 0: 

----------------------------------------------
1/14/2026, 8:32:08 PM GMT-3 1: Discord starting: {"releaseChannel":"stable","version":"0.0.119"}, modulepath: /home/odin/.config/discord/0.0.119/modules
1/14/2026, 8:32:08 PM GMT-3 2: ✅ webContents.created web1 ""
1/14/2026, 8:32:08 PM GMT-3 3: ✅ window.created win1 "discord"
1/14/2026, 8:32:08 PM GMT-3 4: ✅ webContents.did-finish-load web1
1/14/2026, 8:32:20 PM GMT-3 5: window.close win1
1/14/2026, 8:32:20 PM GMT-3 6: webContents.destroyed web1
