[2025-Dec-16 15:12:54.314 -03:00][11627:11627][info ] Logging initialized
[2025-Dec-16 15:12:54.314 -03:00][11627:11627][info ] Initializing krisp SDK...
[2025-Dec-16 15:12:54.314 -03:00][11627:11627][info ] DoKrispInitialize
[2025-Dec-16 15:12:54.922 -03:00][11627:11627][info ] LoadDynamicKrisp
[2025-Dec-16 15:12:54.922 -03:00][11627:11627][info ] Did not find KRISP_DYLIB_PATH, skipping dynamic loading
[2025-Dec-16 15:12:54.922 -03:00][11627:11627][info ] Initializing Krisp SDK in PID 11627, addr 0x7ba5a915cf90
[2025-Dec-16 15:12:54.922 -03:00][11627:11627][info ] Initialized Krisp SDK successfully
[2025-Dec-16 15:12:54.922 -03:00][11627:11627][info ] Krisp SDK initialized
[2025-Dec-16 17:04:45.172 -03:00][ 6037: 6037][info ] Logging initialized
[2025-Dec-16 17:04:45.172 -03:00][ 6037: 6037][info ] Initializing krisp SDK...
[2025-Dec-16 17:04:45.172 -03:00][ 6037: 6037][info ] DoKrispInitialize
[2025-Dec-16 17:04:45.761 -03:00][ 6037: 6037][info ] LoadDynamicKrisp
[2025-Dec-16 17:04:45.761 -03:00][ 6037: 6037][info ] Did not find KRISP_DYLIB_PATH, skipping dynamic loading
[2025-Dec-16 17:04:45.761 -03:00][ 6037: 6037][info ] Initializing Krisp SDK in PID 6037, addr 0x7d5b2e45cf90
[2025-Dec-16 17:04:45.762 -03:00][ 6037: 6037][info ] Initialized Krisp SDK successfully
[2025-Dec-16 17:04:45.762 -03:00][ 6037: 6037][info ] Krisp SDK initialized
[2025-Dec-16 17:04:57.841 -03:00][ 6037: 6084][info ] KrispNCSetup: sampleRate = 48000, duration = 10
[2025-Dec-16 17:04:57.841 -03:00][ 6037: 6084][info ] Setting Krisp model: full_NC
[2025-Dec-16 17:04:57.935 -03:00][ 6037: 6084][info ] KrispVADSetup: sampleRate = 48000, duration = 10
[2025-Dec-16 17:05:01.501 -03:00][ 6037: 6084][info ] KrispVADSetup: sampleRate = 48000, duration = 10
[2025-Dec-16 17:05:05.986 -03:00][ 6037: 6072][info ] KrispVADReset
[2025-Dec-16 17:27:08.293 -03:00][ 6037: 6084][info ] KrispNCReset
[2025-Dec-16 17:27:08.293 -03:00][ 6037: 6084][info ] KrispNCSetup: sampleRate = 8000, duration = 10
[2025-Dec-16 17:27:08.293 -03:00][ 6037: 6084][info ] Setting Krisp model: small_NC_8k
[2025-Dec-16 17:27:08.360 -03:00][ 6037: 6084][info ] KrispVADReset
[2025-Dec-16 17:27:08.360 -03:00][ 6037: 6084][info ] KrispVADSetup: sampleRate = 8000, duration = 10
[2025-Dec-16 17:27:08.418 -03:00][ 6037: 6084][info ] KrispNCReset
[2025-Dec-16 17:27:08.419 -03:00][ 6037: 6084][info ] KrispNCSetup: sampleRate = 48000, duration = 10
[2025-Dec-16 17:27:08.419 -03:00][ 6037: 6084][info ] Setting Krisp model: full_NC
[2025-Dec-16 17:27:08.444 -03:00][ 6037: 6084][info ] KrispVADReset
[2025-Dec-16 17:27:08.444 -03:00][ 6037: 6084][info ] KrispVADSetup: sampleRate = 48000, duration = 10
[2025-Dec-16 19:25:25.303 -03:00][ 6037: 6072][info ] KrispVADReset
[2025-Dec-20 18:56:58.002 -03:00][26382:26382][info ] Logging initialized
[2025-Dec-20 18:56:58.002 -03:00][26382:26382][info ] Initializing krisp SDK...
[2025-Dec-20 18:56:58.002 -03:00][26382:26382][info ] DoKrispInitialize
[2025-Dec-20 18:56:58.604 -03:00][26382:26382][info ] LoadDynamicKrisp
[2025-Dec-20 18:56:58.604 -03:00][26382:26382][info ] Did not find KRISP_DYLIB_PATH, skipping dynamic loading
[2025-Dec-20 18:56:58.604 -03:00][26382:26382][info ] Initializing Krisp SDK in PID 26382, addr 0x79cb7c76cf90
[2025-Dec-20 18:56:58.605 -03:00][26382:26382][info ] Initialized Krisp SDK successfully
[2025-Dec-20 18:56:58.605 -03:00][26382:26382][info ] Krisp SDK initialized
[2025-Dec-20 18:57:22.484 -03:00][26382:26428][info ] KrispNCSetup: sampleRate = 48000, duration = 10
[2025-Dec-20 18:57:22.484 -03:00][26382:26428][info ] Setting Krisp model: full_NC
[2025-Dec-20 18:57:22.623 -03:00][26382:26428][info ] KrispVADSetup: sampleRate = 48000, duration = 10
[2025-Dec-23 17:11:36.148 -03:00][43932:43932][info ] Logging initialized
[2025-Dec-23 17:11:36.148 -03:00][43932:43932][info ] Initializing krisp SDK...
[2025-Dec-23 17:11:36.148 -03:00][43932:43932][info ] DoKrispInitialize
[2025-Dec-23 17:11:36.696 -03:00][43932:43932][info ] LoadDynamicKrisp
[2025-Dec-23 17:11:36.696 -03:00][43932:43932][info ] Did not find KRISP_DYLIB_PATH, skipping dynamic loading
[2025-Dec-23 17:11:36.696 -03:00][43932:43932][info ] Initializing Krisp SDK in PID 43932, addr 0x7598afa6cf90
[2025-Dec-23 17:11:36.696 -03:00][43932:43932][info ] Initialized Krisp SDK successfully
[2025-Dec-23 17:11:36.696 -03:00][43932:43932][info ] Krisp SDK initialized
[2025-Dec-23 17:12:43.432 -03:00][43932:43964][info ] KrispNCSetup: sampleRate = 48000, duration = 10
[2025-Dec-23 17:12:43.432 -03:00][43932:43964][info ] Setting Krisp model: full_NC
[2025-Dec-23 17:12:43.546 -03:00][43932:43964][info ] KrispVADSetup: sampleRate = 48000, duration = 10
[2025-Dec-23 17:48:28.699 -03:00][43932:43964][info ] KrispVADSetup: sampleRate = 48000, duration = 10
[2025-Dec-23 17:54:35.390 -03:00][43932:43950][info ] KrispVADReset
[2025-Dec-23 17:54:35.392 -03:00][43932:43964][info ] KrispVADSetup: sampleRate = 48000, duration = 10
[2025-Dec-23 17:55:48.990 -03:00][43932:43964][info ] KrispNCReset
[2025-Dec-23 17:55:48.990 -03:00][43932:43964][info ] KrispNCSetup: sampleRate = 8000, duration = 10
[2025-Dec-23 17:55:48.990 -03:00][43932:43964][info ] Setting Krisp model: small_NC_8k
[2025-Dec-23 17:55:49.076 -03:00][43932:43964][info ] KrispVADReset
[2025-Dec-23 17:55:49.076 -03:00][43932:43964][info ] KrispVADSetup: sampleRate = 8000, duration = 10
[2025-Dec-23 17:55:49.078 -03:00][43932:43964][info ] KrispVADReset
[2025-Dec-23 17:55:49.078 -03:00][43932:43964][info ] KrispVADSetup: sampleRate = 8000, duration = 10
[2025-Dec-23 17:55:49.341 -03:00][43932:43964][info ] KrispNCReset
[2025-Dec-23 17:55:49.341 -03:00][43932:43964][info ] KrispNCSetup: sampleRate = 48000, duration = 10
[2025-Dec-23 17:55:49.341 -03:00][43932:43964][info ] Setting Krisp model: full_NC
[2025-Dec-23 17:55:49.382 -03:00][43932:43964][info ] KrispVADReset
[2025-Dec-23 17:55:49.382 -03:00][43932:43964][info ] KrispVADSetup: sampleRate = 48000, duration = 10
[2025-Dec-23 17:55:49.393 -03:00][43932:43964][info ] KrispVADReset
[2025-Dec-23 17:55:49.393 -03:00][43932:43964][info ] KrispVADSetup: sampleRate = 48000, duration = 10
[2025-Dec-23 17:55:54.518 -03:00][43932:43950][info ] KrispVADReset
[2025-Dec-23 17:56:08.858 -03:00][43932:43964][info ] KrispVADSetup: sampleRate = 48000, duration = 10
[2025-Dec-23 17:56:10.683 -03:00][43932:43950][info ] KrispVADReset
[2025-Dec-23 17:56:10.689 -03:00][43932:43964][info ] KrispVADSetup: sampleRate = 48000, duration = 10
[2025-Dec-23 17:56:18.537 -03:00][43932:43950][info ] KrispVADReset
[2025-Dec-23 17:56:18.548 -03:00][43932:43964][info ] KrispVADSetup: sampleRate = 48000, duration = 10
[2025-Dec-23 17:56:20.647 -03:00][43932:43950][info ] KrispVADReset
[2025-Dec-23 18:01:39.765 -03:00][43932:43964][info ] KrispNCReset
[2025-Dec-23 18:01:39.765 -03:00][43932:43964][info ] KrispNCSetup: sampleRate = 8000, duration = 10
[2025-Dec-23 18:01:39.765 -03:00][43932:43964][info ] Setting Krisp model: small_NC_8k
[2025-Dec-23 18:01:39.784 -03:00][43932:43950][info ] KrispVADReset
[2025-Dec-26 16:54:15.447 -03:00][11632:11632][info ] Logging initialized
[2025-Dec-26 16:54:15.447 -03:00][11632:11632][info ] Initializing krisp SDK...
[2025-Dec-26 16:54:15.447 -03:00][11632:11632][info ] DoKrispInitialize
[2025-Dec-26 16:54:16.012 -03:00][11632:11632][info ] LoadDynamicKrisp
[2025-Dec-26 16:54:16.012 -03:00][11632:11632][info ] Did not find KRISP_DYLIB_PATH, skipping dynamic loading
[2025-Dec-26 16:54:16.012 -03:00][11632:11632][info ] Initializing Krisp SDK in PID 11632, addr 0x716e2b15cf90
[2025-Dec-26 16:54:16.012 -03:00][11632:11632][info ] Initialized Krisp SDK successfully
[2025-Dec-26 16:54:16.012 -03:00][11632:11632][info ] Krisp SDK initialized
[2025-Dec-26 16:54:43.620 -03:00][11632:11663][info ] KrispNCSetup: sampleRate = 48000, duration = 10
[2025-Dec-26 16:54:43.620 -03:00][11632:11663][info ] Setting Krisp model: full_NC
[2025-Dec-26 16:54:43.715 -03:00][11632:11663][info ] KrispVADSetup: sampleRate = 48000, duration = 10
[2025-Dec-26 17:06:57.487 -03:00][11632:11663][info ] KrispVADSetup: sampleRate = 48000, duration = 10
[2025-Dec-26 17:07:07.481 -03:00][11632:11651][info ] KrispVADReset
[2025-Dec-26 17:11:16.419 -03:00][11632:11651][info ] KrispVADReset
[2025-Dec-29 17:01:59.265 -03:00][23404:23404][info ] Logging initialized
[2025-Dec-29 17:01:59.265 -03:00][23404:23404][info ] Initializing krisp SDK...
[2025-Dec-29 17:01:59.265 -03:00][23404:23404][info ] DoKrispInitialize
[2025-Dec-29 17:01:59.633 -03:00][23404:23404][info ] LoadDynamicKrisp
[2025-Dec-29 17:01:59.633 -03:00][23404:23404][info ] Did not find KRISP_DYLIB_PATH, skipping dynamic loading
[2025-Dec-29 17:01:59.633 -03:00][23404:23404][info ] Initializing Krisp SDK in PID 23404, addr 0x7e0defc5cf90
[2025-Dec-29 17:01:59.634 -03:00][23404:23404][info ] Initialized Krisp SDK successfully
[2025-Dec-29 17:01:59.634 -03:00][23404:23404][info ] Krisp SDK initialized
[2025-Dec-29 17:02:11.064 -03:00][23404:23433][info ] KrispNCSetup: sampleRate = 48000, duration = 10
[2025-Dec-29 17:02:11.064 -03:00][23404:23433][info ] Setting Krisp model: full_NC
[2025-Dec-29 17:02:11.146 -03:00][23404:23433][info ] KrispVADSetup: sampleRate = 48000, duration = 10
[2025-Dec-29 17:02:13.166 -03:00][23404:23433][info ] KrispVADSetup: sampleRate = 48000, duration = 10
[2025-Dec-29 17:02:13.649 -03:00][23404:23421][info ] KrispVADReset
[2025-Dec-29 17:02:15.059 -03:00][23404:23433][info ] KrispVADSetup: sampleRate = 48000, duration = 10
[2025-Dec-29 17:02:16.120 -03:00][23404:23421][info ] KrispVADReset
[2025-Dec-29 17:02:16.136 -03:00][23404:23433][info ] KrispVADSetup: sampleRate = 48000, duration = 10
[2025-Dec-29 17:02:31.819 -03:00][23404:23421][info ] KrispVADReset
[2025-Dec-29 17:02:31.831 -03:00][23404:23433][info ] KrispVADSetup: sampleRate = 48000, duration = 10
[2025-Dec-29 17:02:32.486 -03:00][23404:23421][info ] KrispVADReset
[2025-Dec-29 17:02:32.492 -03:00][23404:23433][info ] KrispVADSetup: sampleRate = 48000, duration = 10
[2025-Dec-29 17:02:33.909 -03:00][23404:23421][info ] KrispNCReset
[2025-Dec-29 17:02:33.911 -03:00][23404:23421][info ] KrispVADReset
[2025-Dec-29 17:02:58.209 -03:00][23404:23421][info ] KrispVADReset
[2025-Dec-29 17:02:58.231 -03:00][23404:23433][info ] KrispNCSetup: sampleRate = 48000, duration = 10
[2025-Dec-29 17:02:58.231 -03:00][23404:23433][info ] Setting Krisp model: full_NC
[2025-Dec-29 17:02:58.257 -03:00][23404:23433][info ] KrispVADSetup: sampleRate = 48000, duration = 10
[2025-Dec-29 17:02:58.264 -03:00][23404:23433][info ] KrispVADSetup: sampleRate = 48000, duration = 10
[2025-Dec-29 17:06:54.470 -03:00][23404:23421][info ] KrispVADReset
[2025-Dec-29 17:06:54.474 -03:00][23404:23433][info ] KrispVADSetup: sampleRate = 48000, duration = 10
[2025-Dec-29 17:06:54.482 -03:00][23404:23421][info ] KrispVADReset
[2025-Dec-29 17:07:02.186 -03:00][23404:23433][info ] KrispVADSetup: sampleRate = 48000, duration = 10
[2025-Dec-29 17:07:05.895 -03:00][23404:23421][info ] KrispVADReset
[2025-Dec-29 17:07:06.927 -03:00][23404:23433][info ] KrispVADSetup: sampleRate = 48000, duration = 10
[2025-Dec-29 17:07:09.470 -03:00][23404:23421][info ] KrispNCReset
[2025-Dec-29 17:07:09.471 -03:00][23404:23421][info ] KrispVADReset
[2025-Dec-29 17:11:10.318 -03:00][23404:23421][info ] KrispVADReset
[2025-Dec-29 17:11:10.343 -03:00][23404:23433][info ] KrispNCSetup: sampleRate = 48000, duration = 10
[2025-Dec-29 17:11:10.343 -03:00][23404:23433][info ] Setting Krisp model: full_NC
[2025-Dec-29 17:11:10.410 -03:00][23404:23433][info ] KrispVADSetup: sampleRate = 48000, duration = 10
[2025-Dec-29 17:11:10.432 -03:00][23404:23433][info ] KrispVADSetup: sampleRate = 48000, duration = 10
[2025-Dec-29 17:11:20.782 -03:00][23404:23421][info ] KrispVADReset
[2025-Dec-29 18:34:58.745 -03:00][23404:23433][info ] KrispVADSetup: sampleRate = 48000, duration = 10
[2025-Dec-29 18:35:01.590 -03:00][23404:23421][info ] KrispVADReset
[2025-Dec-29 18:35:01.593 -03:00][23404:23421][info ] KrispVADReset
[2025-Dec-29 18:35:01.605 -03:00][23404:23433][info ] KrispVADSetup: sampleRate = 48000, duration = 10
[2025-Dec-29 18:35:01.617 -03:00][23404:23433][info ] KrispVADSetup: sampleRate = 48000, duration = 10
[2025-Dec-29 18:35:03.720 -03:00][23404:23421][info ] KrispVADReset
[2025-Dec-29 18:35:03.722 -03:00][23404:23421][info ] KrispVADReset
[2025-Dec-29 18:35:03.759 -03:00][23404:23433][info ] KrispVADSetup: sampleRate = 48000, duration = 10
[2025-Dec-29 18:35:03.771 -03:00][23404:23433][info ] KrispVADSetup: sampleRate = 48000, duration = 10
[2025-Dec-29 18:35:08.128 -03:00][23404:23421][info ] KrispVADReset
[2025-Dec-29 18:35:08.129 -03:00][23404:23421][info ] KrispVADReset
[2025-Dec-29 18:35:08.133 -03:00][23404:23433][info ] KrispVADSetup: sampleRate = 48000, duration = 10
[2025-Dec-29 18:35:08.142 -03:00][23404:23433][info ] KrispVADSetup: sampleRate = 48000, duration = 10
[2025-Dec-29 18:42:31.239 -03:00][23404:23421][info ] KrispVADReset
[2025-Dec-29 18:43:37.432 -03:00][23404:23421][info ] KrispVADReset
