2026-01-06 17:46:25.665 [info] [main] Log level: Info
2026-01-06 17:46:25.665 [info] [main] Validating found git in: "git"
2026-01-06 17:46:25.665 [info] [main] Using git "2.52.0" from "git"
2026-01-06 17:46:25.665 [info] [Model][doInitialScan] Initial repository scan started
2026-01-06 17:46:25.665 [info] > git rev-parse --show-toplevel [16ms]
2026-01-06 17:46:25.665 [info] fatal: not a git repository (or any parent up to mount point /)
Stopping at filesystem boundary (GIT_DISCOVERY_ACROSS_FILESYSTEM not set).
2026-01-06 17:46:25.665 [info] > git rev-parse --show-toplevel [2ms]
2026-01-06 17:46:25.665 [info] fatal: not a git repository (or any parent up to mount point /)
Stopping at filesystem boundary (GIT_DISCOVERY_ACROSS_FILESYSTEM not set).
2026-01-06 17:46:25.665 [info] > git rev-parse --show-toplevel [2ms]
2026-01-06 17:46:25.665 [info] fatal: not a git repository (or any parent up to mount point /)
Stopping at filesystem boundary (GIT_DISCOVERY_ACROSS_FILESYSTEM not set).
2026-01-06 17:46:25.665 [info] > git rev-parse --show-toplevel [2ms]
2026-01-06 17:46:25.665 [info] fatal: not a git repository (or any parent up to mount point /)
Stopping at filesystem boundary (GIT_DISCOVERY_ACROSS_FILESYSTEM not set).
2026-01-06 17:46:25.665 [info] > git rev-parse --show-toplevel [3ms]
2026-01-06 17:46:25.665 [info] fatal: not a git repository (or any parent up to mount point /)
Stopping at filesystem boundary (GIT_DISCOVERY_ACROSS_FILESYSTEM not set).
2026-01-06 17:46:25.665 [info] > git rev-parse --show-toplevel [5ms]
2026-01-06 17:46:25.665 [info] fatal: not a git repository (or any parent up to mount point /)
Stopping at filesystem boundary (GIT_DISCOVERY_ACROSS_FILESYSTEM not set).
2026-01-06 17:46:25.665 [info] > git rev-parse --show-toplevel [4ms]
2026-01-06 17:46:25.665 [info] fatal: not a git repository (or any parent up to mount point /)
Stopping at filesystem boundary (GIT_DISCOVERY_ACROSS_FILESYSTEM not set).
2026-01-06 17:46:25.665 [info] > git rev-parse --show-toplevel [6ms]
2026-01-06 17:46:25.665 [info] fatal: not a git repository (or any parent up to mount point /)
Stopping at filesystem boundary (GIT_DISCOVERY_ACROSS_FILESYSTEM not set).
2026-01-06 17:46:25.665 [info] > git rev-parse --show-toplevel [3ms]
2026-01-06 17:46:25.665 [info] fatal: not a git repository (or any parent up to mount point /)
Stopping at filesystem boundary (GIT_DISCOVERY_ACROSS_FILESYSTEM not set).
2026-01-06 17:46:25.665 [info] > git rev-parse --show-toplevel [2ms]
2026-01-06 17:46:25.665 [info] fatal: not a git repository (or any parent up to mount point /)
Stopping at filesystem boundary (GIT_DISCOVERY_ACROSS_FILESYSTEM not set).
2026-01-06 17:46:25.665 [info] > git rev-parse --show-toplevel [2ms]
2026-01-06 17:46:25.665 [info] fatal: not a git repository (or any parent up to mount point /)
Stopping at filesystem boundary (GIT_DISCOVERY_ACROSS_FILESYSTEM not set).
2026-01-06 17:46:25.665 [info] > git rev-parse --show-toplevel [2ms]
2026-01-06 17:46:25.665 [info] fatal: not a git repository (or any parent up to mount point /)
Stopping at filesystem boundary (GIT_DISCOVERY_ACROSS_FILESYSTEM not set).
2026-01-06 17:46:25.665 [info] > git rev-parse --show-toplevel [4ms]
2026-01-06 17:46:25.665 [info] fatal: not a git repository (or any parent up to mount point /)
Stopping at filesystem boundary (GIT_DISCOVERY_ACROSS_FILESYSTEM not set).
2026-01-06 17:46:25.665 [info] > git rev-parse --show-toplevel [2ms]
2026-01-06 17:46:25.665 [info] fatal: not a git repository (or any parent up to mount point /)
Stopping at filesystem boundary (GIT_DISCOVERY_ACROSS_FILESYSTEM not set).
2026-01-06 17:46:25.665 [info] > git rev-parse --show-toplevel [55ms]
2026-01-06 17:46:25.665 [info] fatal: not a git repository (or any parent up to mount point /)
Stopping at filesystem boundary (GIT_DISCOVERY_ACROSS_FILESYSTEM not set).
2026-01-06 17:46:25.709 [info] > git rev-parse --show-toplevel [45ms]
2026-01-06 17:46:25.709 [info] fatal: not a git repository (or any parent up to mount point /)
Stopping at filesystem boundary (GIT_DISCOVERY_ACROSS_FILESYSTEM not set).
2026-01-06 17:46:25.754 [info] > git rev-parse --show-toplevel [34ms]
2026-01-06 17:46:25.754 [info] fatal: not a git repository (or any parent up to mount point /)
Stopping at filesystem boundary (GIT_DISCOVERY_ACROSS_FILESYSTEM not set).
2026-01-06 17:46:25.764 [info] > git rev-parse --show-toplevel [3ms]
2026-01-06 17:46:25.764 [info] fatal: not a git repository (or any parent up to mount point /)
Stopping at filesystem boundary (GIT_DISCOVERY_ACROSS_FILESYSTEM not set).
2026-01-06 17:46:25.772 [info] > git rev-parse --show-toplevel [1ms]
2026-01-06 17:46:25.772 [info] fatal: not a git repository (or any parent up to mount point /)
Stopping at filesystem boundary (GIT_DISCOVERY_ACROSS_FILESYSTEM not set).
2026-01-06 17:46:25.780 [info] > git rev-parse --show-toplevel [3ms]
2026-01-06 17:46:25.780 [info] fatal: not a git repository (or any parent up to mount point /)
Stopping at filesystem boundary (GIT_DISCOVERY_ACROSS_FILESYSTEM not set).
2026-01-06 17:46:25.787 [info] > git rev-parse --show-toplevel [2ms]
2026-01-06 17:46:25.787 [info] fatal: not a git repository (or any parent up to mount point /)
Stopping at filesystem boundary (GIT_DISCOVERY_ACROSS_FILESYSTEM not set).
2026-01-06 17:46:25.794 [info] > git rev-parse --show-toplevel [2ms]
2026-01-06 17:46:25.794 [info] fatal: not a git repository (or any parent up to mount point /)
Stopping at filesystem boundary (GIT_DISCOVERY_ACROSS_FILESYSTEM not set).
2026-01-06 17:46:25.802 [info] > git rev-parse --show-toplevel [1ms]
2026-01-06 17:46:25.802 [info] fatal: not a git repository (or any parent up to mount point /)
Stopping at filesystem boundary (GIT_DISCOVERY_ACROSS_FILESYSTEM not set).
2026-01-06 17:46:25.809 [info] > git rev-parse --show-toplevel [2ms]
2026-01-06 17:46:25.809 [info] fatal: not a git repository (or any parent up to mount point /)
Stopping at filesystem boundary (GIT_DISCOVERY_ACROSS_FILESYSTEM not set).
2026-01-06 17:46:25.816 [info] > git rev-parse --show-toplevel [1ms]
2026-01-06 17:46:25.816 [info] fatal: not a git repository (or any parent up to mount point /)
Stopping at filesystem boundary (GIT_DISCOVERY_ACROSS_FILESYSTEM not set).
2026-01-06 17:46:25.823 [info] > git rev-parse --show-toplevel [1ms]
2026-01-06 17:46:25.823 [info] fatal: not a git repository (or any parent up to mount point /)
Stopping at filesystem boundary (GIT_DISCOVERY_ACROSS_FILESYSTEM not set).
2026-01-06 17:46:25.830 [info] > git rev-parse --show-toplevel [2ms]
2026-01-06 17:46:25.830 [info] fatal: not a git repository (or any parent up to mount point /)
Stopping at filesystem boundary (GIT_DISCOVERY_ACROSS_FILESYSTEM not set).
2026-01-06 17:46:25.837 [info] > git rev-parse --show-toplevel [2ms]
2026-01-06 17:46:25.837 [info] fatal: not a git repository (or any parent up to mount point /)
Stopping at filesystem boundary (GIT_DISCOVERY_ACROSS_FILESYSTEM not set).
2026-01-06 17:46:25.844 [info] > git rev-parse --show-toplevel [1ms]
2026-01-06 17:46:25.844 [info] fatal: not a git repository (or any parent up to mount point /)
Stopping at filesystem boundary (GIT_DISCOVERY_ACROSS_FILESYSTEM not set).
2026-01-06 17:46:25.851 [info] > git rev-parse --show-toplevel [2ms]
2026-01-06 17:46:25.851 [info] fatal: not a git repository (or any parent up to mount point /)
Stopping at filesystem boundary (GIT_DISCOVERY_ACROSS_FILESYSTEM not set).
2026-01-06 17:46:25.858 [info] > git rev-parse --show-toplevel [2ms]
2026-01-06 17:46:25.858 [info] fatal: not a git repository (or any parent up to mount point /)
Stopping at filesystem boundary (GIT_DISCOVERY_ACROSS_FILESYSTEM not set).
2026-01-06 17:46:25.865 [info] > git rev-parse --show-toplevel [2ms]
2026-01-06 17:46:25.865 [info] fatal: not a git repository (or any parent up to mount point /)
Stopping at filesystem boundary (GIT_DISCOVERY_ACROSS_FILESYSTEM not set).
2026-01-06 17:46:25.874 [info] > git rev-parse --show-toplevel [2ms]
2026-01-06 17:46:25.874 [info] fatal: not a git repository (or any parent up to mount point /)
Stopping at filesystem boundary (GIT_DISCOVERY_ACROSS_FILESYSTEM not set).
2026-01-06 17:46:25.882 [info] > git rev-parse --show-toplevel [2ms]
2026-01-06 17:46:25.882 [info] fatal: not a git repository (or any parent up to mount point /)
Stopping at filesystem boundary (GIT_DISCOVERY_ACROSS_FILESYSTEM not set).
2026-01-06 17:46:25.890 [info] > git rev-parse --show-toplevel [2ms]
2026-01-06 17:46:25.890 [info] fatal: not a git repository (or any parent up to mount point /)
Stopping at filesystem boundary (GIT_DISCOVERY_ACROSS_FILESYSTEM not set).
2026-01-06 17:46:25.894 [info] [Model][doInitialScan] Initial repository scan completed - repositories (0), closed repositories (0), parent repositories (0), unsafe repositories (0)
2026-01-06 17:46:25.905 [info] > git rev-parse --show-toplevel [4ms]
2026-01-06 17:46:25.905 [info] fatal: not a git repository (or any parent up to mount point /)
Stopping at filesystem boundary (GIT_DISCOVERY_ACROSS_FILESYSTEM not set).
2026-01-06 17:46:26.084 [info] > git rev-parse --show-toplevel [2ms]
2026-01-06 17:46:26.084 [info] fatal: not a git repository (or any parent up to mount point /)
Stopping at filesystem boundary (GIT_DISCOVERY_ACROSS_FILESYSTEM not set).
2026-01-06 17:46:26.388 [info] > git rev-parse --show-toplevel [5ms]
2026-01-06 17:46:26.388 [info] fatal: not a git repository (or any parent up to mount point /)
Stopping at filesystem boundary (GIT_DISCOVERY_ACROSS_FILESYSTEM not set).
2026-01-06 17:46:26.643 [info] > git rev-parse --show-toplevel [2ms]
2026-01-06 17:46:26.643 [info] fatal: not a git repository (or any parent up to mount point /)
Stopping at filesystem boundary (GIT_DISCOVERY_ACROSS_FILESYSTEM not set).
2026-01-06 17:46:31.235 [info] > git rev-parse --show-toplevel [2ms]
2026-01-06 17:46:31.235 [info] fatal: not a git repository (or any parent up to mount point /)
Stopping at filesystem boundary (GIT_DISCOVERY_ACROSS_FILESYSTEM not set).
2026-01-06 22:26:51.375 [info] > git rev-parse --show-toplevel [2ms]
2026-01-06 22:26:51.375 [info] fatal: not a git repository (or any parent up to mount point /)
Stopping at filesystem boundary (GIT_DISCOVERY_ACROSS_FILESYSTEM not set).
2026-01-06 22:51:05.543 [info] > git rev-parse --show-toplevel [2ms]
2026-01-06 22:51:05.543 [info] fatal: not a git repository (or any parent up to mount point /)
Stopping at filesystem boundary (GIT_DISCOVERY_ACROSS_FILESYSTEM not set).
